# What the five shipped roles granted in rolePoliciesMap on
# goharbor/harbor main at 37dc02fd, before this change moved those grants
# into the database. Generated once from that file and frozen: it is the
# independent half of the parity test, so nothing in it comes from
# policy.Shipped().
#
# Tab separated, role_id -> resource -> action. The project itself is the
# empty resource, so the middle field is empty on those lines.
1		delete
1		read
1		update
1	accessory	list
1	artifact	create
1	artifact	delete
1	artifact	list
1	artifact	read
1	artifact-addition	read
1	artifact-label	create
1	artifact-label	delete
1	configuration	read
1	configuration	update
1	export-cve	create
1	export-cve	list
1	export-cve	read
1	immutable-tag	create
1	immutable-tag	delete
1	immutable-tag	list
1	immutable-tag	update
1	label	create
1	label	delete
1	label	list
1	label	read
1	label	update
1	log	list
1	member	create
1	member	delete
1	member	list
1	member	read
1	member	update
1	metadata	create
1	metadata	delete
1	metadata	list
1	metadata	read
1	metadata	update
1	notification-policy	create
1	notification-policy	delete
1	notification-policy	list
1	notification-policy	read
1	notification-policy	update
1	preheat-policy	create
1	preheat-policy	delete
1	preheat-policy	list
1	preheat-policy	read
1	preheat-policy	update
1	quota	read
1	repository	create
1	repository	delete
1	repository	list
1	repository	pull
1	repository	push
1	repository	read
1	repository	update
1	robot	create
1	robot	delete
1	robot	list
1	robot	read
1	robot	update
1	sbom	create
1	sbom	read
1	sbom	stop
1	scan	create
1	scan	read
1	scan	stop
1	scanner	create
1	scanner	read
1	tag	create
1	tag	delete
1	tag	list
1	tag-retention	create
1	tag-retention	delete
1	tag-retention	list
1	tag-retention	operate
1	tag-retention	read
1	tag-retention	update
2		read
2	accessory	list
2	artifact	create
2	artifact	list
2	artifact	read
2	artifact-addition	read
2	artifact-label	create
2	artifact-label	delete
2	configuration	read
2	export-cve	create
2	export-cve	list
2	export-cve	read
2	label	list
2	label	read
2	member	list
2	member	read
2	quota	read
2	repository	create
2	repository	list
2	repository	pull
2	repository	push
2	repository	read
2	repository	update
2	robot	list
2	robot	read
2	sbom	read
2	scan	read
2	scanner	read
2	tag	create
2	tag	list
2	tag-retention	create
2	tag-retention	delete
2	tag-retention	list
2	tag-retention	operate
2	tag-retention	read
2	tag-retention	update
3		read
3	accessory	list
3	artifact	list
3	artifact	read
3	artifact-addition	read
3	configuration	read
3	label	list
3	label	read
3	member	list
3	member	read
3	quota	read
3	repository	list
3	repository	pull
3	repository	read
3	robot	list
3	robot	read
3	sbom	read
3	scan	read
3	scanner	read
3	tag	list
4		read
4	accessory	list
4	artifact	create
4	artifact	delete
4	artifact	list
4	artifact	read
4	artifact-addition	read
4	artifact-label	create
4	artifact-label	delete
4	configuration	read
4	export-cve	create
4	export-cve	list
4	export-cve	read
4	immutable-tag	create
4	immutable-tag	delete
4	immutable-tag	list
4	immutable-tag	update
4	label	create
4	label	delete
4	label	list
4	label	read
4	label	update
4	member	list
4	member	read
4	metadata	read
4	notification-policy	list
4	notification-policy	read
4	quota	read
4	repository	create
4	repository	delete
4	repository	list
4	repository	pull
4	repository	push
4	repository	read
4	repository	update
4	robot	list
4	robot	read
4	sbom	create
4	sbom	read
4	sbom	stop
4	scan	create
4	scan	read
4	scan	stop
4	scanner	read
4	tag	create
4	tag	delete
4	tag	list
4	tag-retention	create
4	tag-retention	delete
4	tag-retention	list
4	tag-retention	operate
4	tag-retention	read
4	tag-retention	update
5		read
5	accessory	list
5	artifact	list
5	artifact	read
5	artifact-addition	read
5	configuration	read
5	quota	read
5	repository	list
5	repository	pull
5	repository	read
5	sbom	read
5	scan	read
5	scanner	read
5	tag	list
